上海合作组织 n_new
沿线国家 n_new
丝绸之路经济带 n_new
产能合作 n_new
互联互通 n_new
境外投资 n_new
务实合作 n_new
经济走廊 n_new
智库 n_new
贸易失衡率 n_new
区域经济一体化 n_new
人文交流 n_new
中巴经济走廊 n_new
生态环保 n_new
泛亚铁路 n_new
引领 n_new
金砖国家 n_new
生态环保合作 n_new
民心相通 n_new
货物贸易 n_new
债券市场 n_new
早期收获 n_new
便利化 n_new
命运共同体 n_new
双赢 n_new
资金融通 n_new
亚太经合组织 n_new
图们江 n_new
海丝 n_new
争端解决 n_new
关税同盟 n_new
降税 n_new
人均GDP n_new
区域主义 n_new
非传统安全 n_new
中国社会科学院 n_new
产业互补指数 n_new
气候变化 n_new
愿景 n_new
软实力 n_new
中华文化 n_new
陆上丝绸之路 n_new
古代丝绸之路 n_new
古丝绸之路 n_new
管控 n_new
防控 n_new
开发性金融 n_new
亚洲公路网 n_new
实体经济 n_new
长江经济带 n_new
顶层设计 n_new
诉求 n_new
行业协会 n_new
负面清单 n_new
服贸 n_new
协同发展 n_new
话语权 n_new
秉持 n_new
光明大道 n_new
极端主义 n_new
中国梦 n_new
投资存量 n_new
人才队伍 n_new
过境运输 n_new
陆桥 n_new
季风计划 n_new
建构主义 n_new
装备制造 n_new
征信 n_new
两岸共同市场 n_new
图们江区域 n_new
市场扰乱 n_new
掌控 n_new
非关税壁垒 n_new
先导区 n_new
液化天然气 n_new
能源俱乐部 n_new
临时机构 n_new
国家旅游局 n_new
联合国亚太经社会 n_new
综合保税区 n_new
远洋渔业 n_new
清洁能源 n_new
右派政党 n_new
系统性风险 n_new
投资流量 n_new
马六甲 n_new
集群 n_new
重返亚太 n_new
扎实推进 n_new
恐怖袭击 n_new
创始成员国 n_new
分裂势力 n_new
经济联盟 n_new
习主席 n_new
专利风险 n_new
对话伙伴国 n_new
清新福建 n_new
核电安全 n_new
外汇管制 n_new
实验区 n_new
轨道交通 n_new
备案制 n_new
周末包机 n_new
恶性竞争 n_new
中南半岛 n_new
国资委 n_new
临港 n_new
原产地规则 n_new
初级产品 n_new
金砖国家开发银行 n_new
社会科学文献出版社 n_new
产业集聚 n_new
核问题 n_new
暴恐 n_new
基础设施 n_new
文化创意 n_new
集散中心 n_new
联合国开发计划署 n_new
满欧 n_new
陆海联运 n_new
直辖体制 n_new
溢出效应 n_new
游戏规则 n_new
旗舰项目 n_new
互换协议 n_new
股票市场 n_new
常务机构 n_new
三峡集团 n_new
通电率 n_new
市场失灵 n_new
互鉴 n_new
资金池 n_new
单边行动 n_new
成员国元首 n_new
空心化 n_new
困局 n_new
粮食安全 n_new
妈祖文化 n_new
合作示范区 n_new
防务合作 n_new
相邻国家 n_new
清迈倡议 n_new
成功中标 n_new
观光旅游 n_new
邮轮旅游 n_new
自有品牌 n_new
沙特王储 n_new
跨越式发展 n_new
东方桥头堡 n_new
当地员工 n_new
采矿业 n_new
美丽中国 n_new
落地生根 n_new
利益最大化 n_new
历史新高 n_new
两横 n_new
集聚区 n_new
历史记忆 n_new
珍珠链 n_new
领军 n_new
量身 n_new
外国语学院 n_new
投资兴业 n_new
汇兑风险 n_new
工程实验室 n_new
美好未来 n_new
经济开发区 n_new
两岸民航 n_new
节能环保 n_new
中等收入 n_new
办事机构 n_new
磋商请求 n_new
一带一路 n_new
密集型产品 n_new
境内路段 n_new
投资数额 n_new
城市化水平 n_new
符号标志 n_new
劳动密集型产品 n_new
农牧产品 n_new
依附论 n_new
中国石油天然气集团公司 n_new
福建籍 n_new
客货运 n_new
货运周转量 n_new
下行压力 n_new
试析 n_new
优先顺序 n_new
矛盾尖锐 n_new
江苏沿海 n_new
中资银行 n_new
资源禀赋 n_new
大都市区 n_new
贸易发展署 n_new
纯经济 n_new
银行联合体 n_new
全球布点 n_new
正当利益 n_new
中海双方 n_new
